.next/types/validator.ts(134,39): error TS2307: Cannot find module '../../src/app/admin/analytics/page.js' or its corresponding type declarations.
.next/types/validator.ts(143,39): error TS2307: Cannot find module '../../src/app/admin/bookings/page.js' or its corresponding type declarations.
.next/types/validator.ts(152,39): error TS2307: Cannot find module '../../src/app/admin/customers/page.js' or its corresponding type declarations.
.next/types/validator.ts(161,39): error TS2307: Cannot find module '../../src/app/admin/overview/page.js' or its corresponding type declarations.
.next/types/validator.ts(179,39): error TS2307: Cannot find module '../../src/app/admin/settings/page.js' or its corresponding type declarations.
.next/types/validator.ts(188,39): error TS2307: Cannot find module '../../src/app/admin/suppliers/page.js' or its corresponding type declarations.
.next/types/validator.ts(233,39): error TS2307: Cannot find module '../../src/app/admin/api/bookings/route.js' or its corresponding type declarations.
.next/types/validator.ts(242,39): error TS2307: Cannot find module '../../src/app/admin/api/notifications/route.js' or its corresponding type declarations.
.next/types/validator.ts(435,39): error TS2307: Cannot find module '../../src/app/admin/layout.js' or its corresponding type declarations.
src/components/admin/StatsGrid.tsx(8,15): error TS2724: '"@/lib/server/adminActions"' has no exported member named 'DashboardData'. Did you mean 'getDashboardData'?
src/components/admin/StatsGrid.tsx(78,33): error TS2339: Property 'trend' does not exist on type '{ title: string; value: any; icon: ForwardRefExoticComponent<Omit<LucideProps, "ref"> & RefAttributes<SVGSVGElement>>; color: string; isRevenue?: undefined; } | { ...; }'.
  Property 'trend' does not exist on type '{ title: string; value: any; icon: ForwardRefExoticComponent<Omit<LucideProps, "ref"> & RefAttributes<SVGSVGElement>>; color: string; isRevenue?: undefined; }'.
src/components/auth/EmailStep.tsx(91,29): error TS2322: Type '{ id: string; type: "email"; label: string; value: string; onChange: (e: ChangeEvent<HTMLInputElement>) => void; placeholder: string; icon: ForwardRefExoticComponent<Omit<LucideProps, "ref"> & RefAttributes<...>>; error: string; disabled: boolean; }' is not assignable to type 'IntrinsicAttributes & ClassAttributes<HTMLInputElement> & InputHTMLAttributes<HTMLInputElement>'.
  Property 'label' does not exist on type 'IntrinsicAttributes & ClassAttributes<HTMLInputElement> & InputHTMLAttributes<HTMLInputElement>'.
src/components/auth/EmailStep.tsx(102,29): error TS2322: Type '{ children: string; type: "submit"; fullWidth: true; isLoading: boolean; rightIcon: Element; }' is not assignable to type 'IntrinsicAttributes & ClassAttributes<HTMLButtonElement> & ButtonHTMLAttributes<HTMLButtonElement> & VariantProps<...> & { ...; }'.
  Property 'fullWidth' does not exist on type 'IntrinsicAttributes & ClassAttributes<HTMLButtonElement> & ButtonHTMLAttributes<HTMLButtonElement> & VariantProps<...> & { ...; }'.
src/components/auth/EmailStep.tsx(126,29): error TS2322: Type '{ id: string; type: "email"; label: string; value: string; onChange: (e: ChangeEvent<HTMLInputElement>) => void; placeholder: string; icon: ForwardRefExoticComponent<Omit<LucideProps, "ref"> & RefAttributes<...>>; error: string; disabled: boolean; }' is not assignable to type 'IntrinsicAttributes & ClassAttributes<HTMLInputElement> & InputHTMLAttributes<HTMLInputElement>'.
  Property 'label' does not exist on type 'IntrinsicAttributes & ClassAttributes<HTMLInputElement> & InputHTMLAttributes<HTMLInputElement>'.
src/components/auth/EmailStep.tsx(138,33): error TS2322: Type '{ id: string; label: string; value: string; onChange: (e: ChangeEvent<HTMLInputElement>) => void; placeholder: string; icon: ForwardRefExoticComponent<Omit<LucideProps, "ref"> & RefAttributes<...>>; error: string; disabled: boolean; }' is not assignable to type 'IntrinsicAttributes & ClassAttributes<HTMLInputElement> & InputHTMLAttributes<HTMLInputElement>'.
  Property 'label' does not exist on type 'IntrinsicAttributes & ClassAttributes<HTMLInputElement> & InputHTMLAttributes<HTMLInputElement>'.
src/components/auth/EmailStep.tsx(148,33): error TS2322: Type '{ id: string; label: string; value: string; onChange: (e: ChangeEvent<HTMLInputElement>) => void; placeholder: string; error: string; disabled: boolean; }' is not assignable to type 'IntrinsicAttributes & ClassAttributes<HTMLInputElement> & InputHTMLAttributes<HTMLInputElement>'.
  Property 'label' does not exist on type 'IntrinsicAttributes & ClassAttributes<HTMLInputElement> & InputHTMLAttributes<HTMLInputElement>'.
src/components/auth/EmailStep.tsx(161,33): error TS2322: Type '{ id: string; type: "password"; label: string; value: string; onChange: (e: ChangeEvent<HTMLInputElement>) => void; placeholder: string; icon: ForwardRefExoticComponent<Omit<LucideProps, "ref"> & RefAttributes<...>>; error: string; disabled: boolean; }' is not assignable to type 'IntrinsicAttributes & ClassAttributes<HTMLInputElement> & InputHTMLAttributes<HTMLInputElement>'.
  Property 'label' does not exist on type 'IntrinsicAttributes & ClassAttributes<HTMLInputElement> & InputHTMLAttributes<HTMLInputElement>'.
src/components/auth/EmailStep.tsx(172,47): error TS2322: Type '{ children: string; type: "submit"; fullWidth: true; isLoading: boolean; }' is not assignable to type 'IntrinsicAttributes & ClassAttributes<HTMLButtonElement> & ButtonHTMLAttributes<HTMLButtonElement> & VariantProps<...> & { ...; }'.
  Property 'fullWidth' does not exist on type 'IntrinsicAttributes & ClassAttributes<HTMLButtonElement> & ButtonHTMLAttributes<HTMLButtonElement> & VariantProps<...> & { ...; }'.
src/components/auth/PasswordStep.tsx(66,21): error TS2322: Type '{ id: string; type: "password"; label: string; value: string; onChange: (e: ChangeEvent<HTMLInputElement>) => void; placeholder: string; icon: ForwardRefExoticComponent<Omit<LucideProps, "ref"> & RefAttributes<...>>; error: string; disabled: boolean; }' is not assignable to type 'IntrinsicAttributes & ClassAttributes<HTMLInputElement> & InputHTMLAttributes<HTMLInputElement>'.
  Property 'label' does not exist on type 'IntrinsicAttributes & ClassAttributes<HTMLInputElement> & InputHTMLAttributes<HTMLInputElement>'.
src/components/auth/PasswordStep.tsx(97,39): error TS2322: Type '{ children: string; type: "submit"; fullWidth: true; isLoading: boolean; }' is not assignable to type 'IntrinsicAttributes & ClassAttributes<HTMLButtonElement> & ButtonHTMLAttributes<HTMLButtonElement> & VariantProps<...> & { ...; }'.
  Property 'fullWidth' does not exist on type 'IntrinsicAttributes & ClassAttributes<HTMLButtonElement> & ButtonHTMLAttributes<HTMLButtonElement> & VariantProps<...> & { ...; }'.
src/components/auth/RegisterStep.tsx(99,25): error TS2322: Type '{ id: string; label: string; value: string; onChange: (e: ChangeEvent<HTMLInputElement>) => void; placeholder: string; icon: ForwardRefExoticComponent<Omit<LucideProps, "ref"> & RefAttributes<...>>; error: string; disabled: boolean; }' is not assignable to type 'IntrinsicAttributes & ClassAttributes<HTMLInputElement> & InputHTMLAttributes<HTMLInputElement>'.
  Property 'label' does not exist on type 'IntrinsicAttributes & ClassAttributes<HTMLInputElement> & InputHTMLAttributes<HTMLInputElement>'.
src/components/auth/RegisterStep.tsx(109,25): error TS2322: Type '{ id: string; label: string; value: string; onChange: (e: ChangeEvent<HTMLInputElement>) => void; placeholder: string; error: string; disabled: boolean; }' is not assignable to type 'IntrinsicAttributes & ClassAttributes<HTMLInputElement> & InputHTMLAttributes<HTMLInputElement>'.
  Property 'label' does not exist on type 'IntrinsicAttributes & ClassAttributes<HTMLInputElement> & InputHTMLAttributes<HTMLInputElement>'.
src/components/auth/RegisterStep.tsx(122,25): error TS2322: Type '{ id: string; type: "password"; label: string; value: string; onChange: (e: ChangeEvent<HTMLInputElement>) => void; placeholder: string; icon: ForwardRefExoticComponent<Omit<LucideProps, "ref"> & RefAttributes<...>>; error: string; disabled: boolean; }' is not assignable to type 'IntrinsicAttributes & ClassAttributes<HTMLInputElement> & InputHTMLAttributes<HTMLInputElement>'.
  Property 'label' does not exist on type 'IntrinsicAttributes & ClassAttributes<HTMLInputElement> & InputHTMLAttributes<HTMLInputElement>'.
src/components/auth/RegisterStep.tsx(143,39): error TS2322: Type '{ children: string; type: "submit"; fullWidth: true; isLoading: boolean; }' is not assignable to type 'IntrinsicAttributes & ClassAttributes<HTMLButtonElement> & ButtonHTMLAttributes<HTMLButtonElement> & VariantProps<...> & { ...; }'.
  Property 'fullWidth' does not exist on type 'IntrinsicAttributes & ClassAttributes<HTMLButtonElement> & ButtonHTMLAttributes<HTMLButtonElement> & VariantProps<...> & { ...; }'.
src/components/auth/VerifyEmailStep.tsx(48,21): error TS2322: Type '{ children: string; variant: "link"; onClick: () => Promise<void>; isLoading: boolean; disabled: boolean; className: string; }' is not assignable to type 'IntrinsicAttributes & ClassAttributes<HTMLButtonElement> & ButtonHTMLAttributes<HTMLButtonElement> & VariantProps<...> & { ...; }'.
  Property 'isLoading' does not exist on type 'IntrinsicAttributes & ClassAttributes<HTMLButtonElement> & ButtonHTMLAttributes<HTMLButtonElement> & VariantProps<...> & { ...; }'.
src/components/landing/sections/RecentlyViewed.tsx(45,36): error TS2322: Type '{ children: string; variant: "default"; size: string; }' is not assignable to type 'IntrinsicAttributes & ClassAttributes<HTMLSpanElement> & HTMLAttributes<HTMLSpanElement> & VariantProps<...> & { ...; }'.
  Property 'size' does not exist on type 'IntrinsicAttributes & ClassAttributes<HTMLSpanElement> & HTMLAttributes<HTMLSpanElement> & VariantProps<...> & { ...; }'.
